acpi
alacritty
archlinuxcn-keyring
autoconf
autojump
automake
base
bat
binutils
bison
chromium
clang
cmatrix
cowsay
dhcpcd
efibootmgr
eva
exa
fakeroot
fcitx5
fcitx5-chinese-addons
fcitx5-configtool
fcitx5-gtk
fcitx5-pinyin-zhwiki
fcitx5-qt
feh
file
findutils
fish
flex
fzf
gawk
gcc
gettext
go
grep
groff
grub
gtkmm3
gvfs-mtp
gzip
haveged
i3-gaps
kcalc
lazygit
libevent
libtool
libxcrypt-compat
linux
linux-firmware
lolcat
lua
m4
make
miniconda
neofetch
neovim
net-tools
network-manager-applet
networkmanager
nm-connection-editor
noto-fonts-emoji
npm
nvm
open-vm-tools
os-prober
pacman
pamac-aur
patch
picom
pkgconf
pnpm
polkit
proxychains-ng
ranger
rofi
rp-pppoe
rust
sed
sudo
texinfo
tmux
ttf-dejavu
ttf-droid
ttf-font-awesome
ttf-nerd-fonts-symbols
ueberzug
unzip
vi
vim
which
wqy-microhei
wqy-zenhei
xf86-input-synaptics
xf86-input-vmmouse
xf86-video-amdgpu
xf86-video-intel
xf86-video-nouveau
xf86-video-vesa
xf86-video-vmware
xorg-bdftopcf
xorg-docs
xorg-font-util
xorg-fonts-100dpi
xorg-fonts-75dpi
xorg-fonts-encodings
xorg-iceauth
xorg-mkfontscale
xorg-server
xorg-server-common
xorg-server-devel
xorg-server-xephyr
xorg-server-xnest
xorg-server-xvfb
xorg-sessreg
xorg-setxkbmap
xorg-smproxy
xorg-x11perf
xorg-xauth
xorg-xbacklight
xorg-xcmsdb
xorg-xcursorgen
xorg-xdpyinfo
xorg-xdriinfo
xorg-xev
xorg-xgamma
xorg-xhost
xorg-xinit
xorg-xinput
xorg-xkbcomp
xorg-xkbevd
xorg-xkbutils
xorg-xkill
xorg-xlsatoms
xorg-xlsclients
xorg-xmodmap
xorg-xpr
xorg-xprop
xorg-xrandr
xorg-xrdb
xorg-xrefresh
xorg-xset
xorg-xsetroot
xorg-xvinfo
xorg-xwayland
xorg-xwd
xorg-xwininfo
xorg-xwud
yarn
yay
zsh
